Archive member included because of file (symbol)

./gr_common/lib/libc.a(lib_a-errno.o)
                              ./gr_common/lowlevel.o (__errno)
./gr_common/lib/libc.a(lib_a-impure.o)
                              ./gr_common/lib/libc.a(lib_a-errno.o) (_impure_ptr)
./gr_common/lib/librxduino.a(analogio.o)
                              ./gr_sketch.o (analogRead)
./gr_common/lib/librxduino.a(interrupt.o)
                              ./gr_sketch.o (interrupts)
./gr_common/lib/librxduino.a(digitalio.o)
                              ./gr_sketch.o (pinMode)
./gr_common/lib/librxduino.a(rxduino.o)
                              ./gr_common/gstart.o (main)
./gr_common/lib/librxduino.a(delay.o)
                              ./gr_common/lib/librxduino.a(digitalio.o) (micros)
./gr_common/lib/libtkdnhal.a(hwsetup.o)
                              ./gr_common/gstart.o (tkdn_hwsetup)
./gr_common/lib/libtkdnhal.a(tkdn_sci.o)
                              ./gr_common/intvect.o (Excep_SCI0_RXI0)
./gr_common/lib/libtkdnhal.a(tkdn_ether.o)
                              ./gr_common/lib/libtkdnhal.a(hwsetup.o) (ether_close)
./gr_common/lib/libtkdnhal.a(tkdn_timer.o)
                              ./gr_common/lib/librxduino.a(delay.o) (timer_wait_ms)
./gr_common/lib/libtkdnhal.a(tkdn_gpio.o)
                              ./gr_common/lib/librxduino.a(digitalio.o) (gpio_set_pinmode)
./gr_common/lib/libtkdnhal.a(tkdn_pwm.o)
                              ./gr_common/lib/librxduino.a(analogio.o) (pwm_init)
./gr_common/lib/libtkdnhal.a(tkdn_tone.o)
                              ./gr_common/intvect.o (Excep_CMT1_CMI1)
./gr_common/lib/libtkdnhal.a(tkdn_adc.o)
                              ./gr_common/lib/librxduino.a(analogio.o) (adc_sample)
./gr_common/lib/libtkdnhal.a(tkdn_dac.o)
                              ./gr_common/lib/librxduino.a(analogio.o) (dac_output)
./gr_common/lib/libtkdnhal.a(phy.o)
                              ./gr_common/lib/libtkdnhal.a(tkdn_ether.o) (phy_stop)
./gr_common/lib/libtkdnhal.a(eidi.o)
                              ./gr_common/lib/librxduino.a(interrupt.o) (enable_interrupt)
./gr_common/lib/libtkdnhal.a(usb_cdc.o)
                              ./gr_common/lib/libtkdnhal.a(tkdn_sci.o) (TKUSB_Init)
./gr_common/lib/libtkdnhal.a(usb_core.o)
                              ./gr_common/lib/libtkdnhal.a(usb_cdc.o) (USBCORE_Init)
./gr_common/lib/libtkdnhal.a(usb_hal.o)
                              ./gr_common/lib/libtkdnhal.a(tkdn_sci.o) (TKUSB_RecvByte)
./gr_common/lib/libtkdnhal.a(usbdescriptors.o)
                              ./gr_common/lib/libtkdnhal.a(usb_cdc.o) (gStringDescriptorSerialNum)
./gr_common/lib/libtkdnhal.a(tkdn_interrupt.o)
                              ./gr_common/lib/librxduino.a(interrupt.o) (attach_interrupt)
./gr_common/lib/libtkdnhal.a(tkdn_servo.o)
                              ./gr_common/intvect.o (Excep_TPU6_TGIA6)
./gr_common/lib/libtkdnhal.a(reboot.o)
                              ./gr_common/lib/librxduino.a(rxduino.o) (system_reboot)

Allocating common symbols
Common symbol       size              file

sci_default         0x21c             ./gr_common/lib/libtkdnhal.a(tkdn_sci.o)
user_rx_func        0x4               ./gr_common/lib/libtkdnhal.a(tkdn_ether.o)
sci_handles         0x18              ./gr_common/lib/libtkdnhal.a(tkdn_sci.o)
ifunc               0x20              ./gr_common/lib/libtkdnhal.a(tkdn_interrupt.o)
psci_default        0x4               ./gr_common/lib/libtkdnhal.a(tkdn_sci.o)

Memory Configuration

Name             Origin             Length             Attributes
*default*        0x00000000         0xffffffff

Linker script and memory map

LOAD ./gr_common/gstart.o
LOAD ./gr_sketch.o
LOAD ./gr_common/intvect.o
LOAD ./gr_common/lowlevel.o
LOAD ./gr_common/lib/libc.a
LOAD ./gr_common/lib/libg.a
LOAD ./gr_common/lib/libgcc.a
LOAD ./gr_common/lib/libm.a
LOAD ./gr_common/lib/librxduino.a
LOAD ./gr_common/lib/libsim.a
LOAD ./gr_common/lib/libstdc++.a
LOAD ./gr_common/lib/libsupc++.a
LOAD ./gr_common/lib/libtkdnhal.a
LOAD ./gr_common/lib/\librxduino.a
LOAD ./gr_common/lib/\libstdc++.a
LOAD ./gr_common/lib/\libsupc++.a
LOAD ./gr_common/lib/\libc.a
LOAD ./gr_common/lib/\libsim.a
LOAD ./gr_common/lib/\libgcc.a
LOAD ./gr_common/lib/\libm.a
LOAD ./gr_common/lib/\libtkdnhal.a

.text           0xfff00000     0x5fc0
 ./gr_common/gstart.o(P)
 P              0xfff00000       0x90 ./gr_common/gstart.o
                0xfff00000                start
                0xfff00000                PowerON_Reset_PC
                0xfff0008e                _rx_fini
                0xfff0008f                __cxa_atexit
 *(.text)
 *(.text.*)
 .text.__errno  0xfff00090        0x9 ./gr_common/lib/libc.a(lib_a-errno.o)
                0xfff00090                __errno
 *fill*         0xfff00099        0x7 00
 .text.startup  0xfff000a0       0x20 ./gr_common/lib/librxduino.a(rxduino.o)
                0xfff000a0                main
 *(P)
 P              0xfff000c0      0xbf8 ./gr_sketch.o
                0xfff000c0                setup
                0xfff0018d                intrTimer()
                0xfff00224                code_0()
                0xfff0024d                code_1()
                0xfff00276                code_ret()
                0xfff00280                paint()
                0xfff00a25                color_phase(unsigned char*, unsigned char*, unsigned char*, unsigned int)
                0xfff00ba7                loop
 P              0xfff00cb8      0x16a ./gr_common/intvect.o
                0xfff00cb8                Excep_SuperVisorInst
                0xfff00cba                Excep_UndefinedInst
                0xfff00cbc                Excep_FloatingPoint
                0xfff00cbe                NonMaskableInterrupt
                0xfff00cc0                Excep_BRK
                0xfff00cc2                Excep_FCUIF_FIFEERR
                0xfff00cc4                Excep_FCUIF_FRDYI
                0xfff00cc6                Excep_ICU_SWINT
                0xfff00cc8                Excep_USB0_D0FIFO0
                0xfff00cca                Excep_USB0_D1FIFO0
                0xfff00ccc                Excep_USB0_USBI0
                0xfff00cf4                Excep_USB1_D0FIFO1
                0xfff00cf6                Excep_USB1_D1FIFO1
                0xfff00cf8                Excep_USB1_USBI1
                0xfff00d20                Excep_RSPI0_SPRI0
                0xfff00d22                Excep_RSPI0_SPTI0
                0xfff00d24                Excep_RSPI0_SPII0
                0xfff00d26                Excep_RSPI1_SPRI1
                0xfff00d28                Excep_RSPI1_SPTI1
                0xfff00d2a                Excep_RSPI1_SPII1
                0xfff00d2c                Excep_RSPI2_SPRI2
                0xfff00d2e                Excep_RSPI2_SPTI2
                0xfff00d30                Excep_RSPI2_SPII2
                0xfff00d32                Excep_CAN0_RXF0
                0xfff00d34                Excep_CAN0_TXF0
                0xfff00d36                Excep_CAN0_RXM0
                0xfff00d38                Excep_CAN0_TXM0
                0xfff00d3a                Excep_CAN1_RXF1
                0xfff00d3c                Excep_CAN1_TXF1
                0xfff00d3e                Excep_CAN1_RXM1
                0xfff00d40                Excep_CAN1_TXM1
                0xfff00d42                Excep_RTC_CUP
                0xfff00d44                Excep_IRQ8
                0xfff00d46                Excep_IRQ9
                0xfff00d48                Excep_IRQ10
                0xfff00d4a                Excep_IRQ11
                0xfff00d4c                Excep_IRQ12
                0xfff00d4e                Excep_IRQ13
                0xfff00d50                Excep_IRQ14
                0xfff00d52                Excep_IRQ15
                0xfff00d54                Excep_USB_USBR0
                0xfff00d56                Excep_USB_USBR1
                0xfff00d58                Excep_RTC_ALM
                0xfff00d5a                Excep_ADA0_ADI0
                0xfff00d5c                Excep_S12AD0_S12ADI0
                0xfff00d5e                Excep_GROUP_E0
                0xfff00d60                Excep_GROUP_E1
                0xfff00d62                Excep_GROUP_E2
                0xfff00d64                Excep_GROUP_E3
                0xfff00d66                Excep_GROUP_E4
                0xfff00d68                Excep_GROUP_E5
                0xfff00d6a                Excep_GROUP_E6
                0xfff00d6c                Excep_GROUP_L0
                0xfff00d6e                Excep_SCIX_SCIX0
                0xfff00d70                Excep_SCIX_SCIX1
                0xfff00d72                Excep_SCIX_SCIX2
                0xfff00d74                Excep_SCIX_SCIX3
                0xfff00d76                Excep_TPU10_TGIV10
                0xfff00d78                Excep_TPU11_TGIA11
                0xfff00d7a                Excep_TPU11_TGIB11
                0xfff00d7c                Excep_POE2_OEI1
                0xfff00d7e                Excep_POE2_OEI2
                0xfff00d80                Excep_TMR0_CMIB0
                0xfff00d82                Excep_TMR0_OVI0
                0xfff00d84                Excep_TMR1_CMIA1
                0xfff00d86                Excep_TMR1_CMIB1
                0xfff00d88                Excep_TMR1_OVI1
                0xfff00d8a                Excep_TMR2_CMIA2
                0xfff00d8c                Excep_TMR2_CMIB2
                0xfff00d8e                Excep_TMR2_OVI2
                0xfff00d90                Excep_TMR3_CMIA3
                0xfff00d92                Excep_TMR3_CMIB3
                0xfff00d94                Excep_TMR3_OVI3
                0xfff00d96                Excep_RIIC0_EEI0
                0xfff00d98                Excep_RIIC0_RXI0
                0xfff00d9a                Excep_RIIC0_TXI0
                0xfff00d9c                Excep_RIIC0_TEI0
                0xfff00d9e                Excep_RIIC1_EEI0
                0xfff00da0                Excep_RIIC1_RXI0
                0xfff00da2                Excep_RIIC1_TXI0
                0xfff00da4                Excep_RIIC1_TEI0
                0xfff00da6                Excep_RIIC2_EEI0
                0xfff00da8                Excep_RIIC2_RXI0
                0xfff00daa                Excep_RIIC2_TXI0
                0xfff00dac                Excep_RIIC2_TEI0
                0xfff00dae                Excep_RIIC3_EEI0
                0xfff00db0                Excep_RIIC3_RXI0
                0xfff00db2                Excep_RIIC3_TXI0
                0xfff00db4                Excep_RIIC3_TEI0
                0xfff00db6                Excep_DMACA_DMAC0
                0xfff00db8                Excep_DMACA_DMAC1
                0xfff00dba                Excep_DMACA_DMAC2
                0xfff00dbc                Excep_DMACA_DMAC3
                0xfff00dbe                Excep_EXDMAC_DMAC0
                0xfff00dc0                Excep_EXDMAC_DMAC1
                0xfff00dc2                Excep_SCI3_RXI3
                0xfff00dc4                Excep_SCI3_TXI3
                0xfff00dc6                Excep_SCI3_TEI3
                0xfff00dc8                Excep_SCI4_RXI4
                0xfff00dca                Excep_SCI4_TXI4
                0xfff00dcc                Excep_SCI4_TEI4
                0xfff00dce                Excep_SCI5_RXI5
                0xfff00dd0                Excep_SCI5_TXI5
                0xfff00dd2                Excep_SCI5_TEI5
                0xfff00dd4                Excep_SCI7_RXI7
                0xfff00dd6                Excep_SCI7_TXI7
                0xfff00dd8                Excep_SCI7_TEI7
                0xfff00dda                Excep_SCI8_RXI8
                0xfff00ddc                Excep_SCI8_TXI8
                0xfff00dde                Excep_SCI8_TEI8
                0xfff00de0                Excep_SCI9_RXI9
                0xfff00de2                Excep_SCI9_TXI9
                0xfff00de4                Excep_SCI9_TEI9
                0xfff00de6                Excep_SCI10_RXI10
                0xfff00de8                Excep_SCI10_TXI10
                0xfff00dea                Excep_SCI10_TEI10
                0xfff00dec                Excep_SCI11_RXI11
                0xfff00dee                Excep_SCI11_TXI11
                0xfff00df0                Excep_SCI11_TEI11
                0xfff00df2                Excep_SCI12_RXI12
                0xfff00df4                Excep_SCI12_TXI12
                0xfff00df6                Excep_SCI12_TEI12
                0xfff00df8                Excep_IEBUS_IEBINT
                0xfff00dfa                Dummy
                0xfff00dfc                UserTMR0InterruptFunction
                0xfff00dfd                Excep_TMR0_CMIA0
                0xfff00e1f                Excep_BUSERR
                0xfff00e21                Excep_RTC_SLEEP
 *fill*         0xfff00e22        0x6 00
 P              0xfff00e28      0x120 ./gr_common/lowlevel.o
                0xfff00e28                sbrk
                0xfff00e28                _sbrk
                0xfff00e37                open
                0xfff00e3a                read
                0xfff00eb0                write
                0xfff00f09                lseek
                0xfff00f0c                isatty
                0xfff00f0f                fstat
                0xfff00f42                close
 P              0xfff00f48        0x0 ./gr_common/lib/libc.a(lib_a-errno.o)
 P              0xfff00f48        0x0 ./gr_common/lib/libc.a(lib_a-impure.o)
 P              0xfff00f48       0x98 ./gr_common/lib/librxduino.a(analogio.o)
                0xfff00f48                analogRead
                0xfff00fc1                analogWrite
                0xfff00fc5                analogWriteDAC
                0xfff00fce                analogReference
                0xfff00fd7                analogWriteFrequency
 P              0xfff00fe0       0x28 ./gr_common/lib/librxduino.a(interrupt.o)
                0xfff00fe0                interrupts
                0xfff00fe4                noInterrupts
                0xfff00fe8                attachInterrupt
                0xfff00ffd                detachInterrupt
 P              0xfff01008       0x98 ./gr_common/lib/librxduino.a(digitalio.o)
                0xfff01008                pinMode
                0xfff0102b                digitalWrite
                0xfff0104e                digitalRead
                0xfff01052                pulseIn
 P              0xfff010a0       0x1a ./gr_common/lib/librxduino.a(rxduino.o)
                0xfff010a0                registEthernetHandler
                0xfff010a9                Reboot
 P              0xfff010ba       0x10 ./gr_common/lib/librxduino.a(delay.o)
                0xfff010ba                millis
                0xfff010be                micros
                0xfff010c2                delay
                0xfff010c6                delayMicroseconds
 P              0xfff010ca       0xee ./gr_common/lib/libtkdnhal.a(hwsetup.o)
                0xfff010ca                sdram_init
                0xfff010cb                tkdn_hwsetup
 P              0xfff011b8     0x1100 ./gr_common/lib/libtkdnhal.a(tkdn_sci.o)
                0xfff0137b                sci_getport
                0xfff01387                sci_readdata
                0xfff01388                sci_convert_crlf
                0xfff01397                sci_flush
                0xfff013b4                Excep_SCI0_ERI0
                0xfff013dd                Excep_SCI0_RXI0
                0xfff01406                Excep_SCI0_TXI0
                0xfff01440                Excep_SCI0_TEI0
                0xfff01458                Excep_SCI1_ERI1
                0xfff01482                Excep_SCI1_RXI1
                0xfff014ac                Excep_SCI1_TXI1
                0xfff014e8                Excep_SCI1_TEI1
                0xfff01500                Excep_SCI2_ERI2
                0xfff0152a                Excep_SCI2_RXI2
                0xfff01554                Excep_SCI2_TXI2
                0xfff01590                Excep_SCI2_TEI2
                0xfff015a8                Excep_SCI6_ERI6
                0xfff015d2                Excep_SCI6_RXI6
                0xfff015fc                Excep_SCI6_TXI6
                0xfff01638                Excep_SCI6_TEI6
                0xfff01650                sci_putc_ex
                0xfff017cd                sci_putc
                0xfff017db                sci_puts_ex
                0xfff01811                sci_puts
                0xfff0181f                sci_getc_ex
                0xfff0188b                sci_getc
                0xfff01897                sci_writedata_ex
                0xfff01a6e                sci_writedata
                0xfff01a80                sci_readdata_ex
                0xfff01a81                sci_rxcount_ex
                0xfff01a9c                sci_gets_ex
                0xfff01b12                sci_gets
                0xfff01b24                sci_rxcount
                0xfff01b30                sci_init_ex
                0xfff0222a                sci_init
                0xfff0224c                sci_getport_ex
                0xfff02250                sci_convert_crlf_ex
                0xfff02257                sci_peek_ex
                0xfff02285                sci_peek
                0xfff02291                sci_flush_ex
                0xfff022a8                sci_regist_default
 P              0xfff022b8      0x698 ./gr_common/lib/libtkdnhal.a(tkdn_ether.o)
                0xfff022b8                ether_close
                0xfff02310                ether_write
                0xfff023cd                _eth_fifoInit
                0xfff0243e                _eth_fifoWrite
                0xfff0247c                _eth_fifoRead
                0xfff024d0                ether_read
                0xfff0258f                Excep_ETHER_EINT
                0xfff025db                ether_regist_user_rx_procedure
                0xfff025e4                ether_is_linkup
                0xfff025f0                ether_autonegotiate
                0xfff02666                ether_open
                0xfff02890                ether_is_100M
                0xfff02899                ether_is_fullduplex
                0xfff028a2                ether_check_recv
                0xfff028e5                ether_change_macaddr
                0xfff02937                ether_enable_promis
 P              0xfff02950      0x1d0 ./gr_common/lib/libtkdnhal.a(tkdn_timer.o)
                0xfff029b7                timer_init
                0xfff029ca                timer_wait_ms
                0xfff02a24                timer_wait_us
                0xfff02a7c                timer_get_ms
                0xfff02a85                timer_get_us
                0xfff02a9b                timer_regist_userfunc
                0xfff02aa6                timer_regist_disktimer
                0xfff02ab1                timer_regist_ethertimer
                0xfff02abc                Excep_CMT0_CMI0
 P              0xfff02b20      0x308 ./gr_common/lib/libtkdnhal.a(tkdn_gpio.o)
                0xfff02b69                gpio_set_pinmode
                0xfff02d97                gpio_write_port
                0xfff02df5                gpio_read_port
 P              0xfff02e28      0x918 ./gr_common/lib/libtkdnhal.a(tkdn_pwm.o)
                0xfff02e28                pwm_init
                0xfff03114                pwm_output
                0xfff03344                pwm_stop
                0xfff03462                Excep_TPU0_TGIA0
                0xfff03498                Excep_TPU0_TGIB0
                0xfff034c4                Excep_TPU0_TGIC0
                0xfff034f1                Excep_TPU0_TGID0
                0xfff0351e                Excep_TPU1_TGIA1
                0xfff0354b                Excep_TPU1_TGIB1
                0xfff03578                Excep_TPU2_TGIA2
                0xfff035a5                Excep_TPU2_TGIB2
                0xfff035d2                Excep_TPU3_TGIA3
                0xfff035ff                Excep_TPU3_TGIB3
                0xfff0362c                Excep_TPU3_TGIC3
                0xfff03659                Excep_TPU3_TGID3
                0xfff03686                Excep_TPU4_TGIA4
                0xfff036b3                Excep_TPU4_TGIB4
                0xfff036e0                Excep_TPU5_TGIA5
                0xfff0370d                Excep_TPU5_TGIB5
 P              0xfff03740      0x238 ./gr_common/lib/libtkdnhal.a(tkdn_tone.o)
                0xfff03740                tone_start_ex
                0xfff038e4                tone_start
                0xfff038ea                tone_stop
                0xfff0390c                Excep_CMT1_CMI1
                0xfff0392e                Excep_CMT2_CMI2
                0xfff03953                Excep_CMT3_CMI3
 P              0xfff03978      0x2b8 ./gr_common/lib/libtkdnhal.a(tkdn_adc.o)
                0xfff03978                adc_init
                0xfff039b6                adc_terminate
                0xfff039d2                adc_sample
 P              0xfff03c30       0xf0 ./gr_common/lib/libtkdnhal.a(tkdn_dac.o)
                0xfff03c30                dac_init
                0xfff03c7e                dac_terminate
                0xfff03c95                dac_output
 P              0xfff03d20      0x248 ./gr_common/lib/libtkdnhal.a(phy.o)
                0xfff03d20                _phy_reg_read
                0xfff03d5e                _phy_ta_z0
                0xfff03d84                _phy_mii_write_1
                0xfff03daa                _phy_preamble
                0xfff03dc2                _phy_mii_write_0
                0xfff03de8                _phy_ta_10
                0xfff03df0                _phy_reg_write
                0xfff03e2b                _phy_reg_set
                0xfff03e79                _phy_write
                0xfff03e9f                phy_set_10half
                0xfff03ea7                phy_set_100full
                0xfff03eb1                phy_stop
                0xfff03ebb                _phy_read
                0xfff03ee2                phy_set_autonegotiate
                0xfff03f32                phy_init
 P              0xfff03f68       0x18 ./gr_common/lib/libtkdnhal.a(eidi.o)
                0xfff03f68                enable_interrupt
                0xfff03f74                disable_interrupt
 P              0xfff03f80      0x118 ./gr_common/lib/libtkdnhal.a(usb_cdc.o)
                0xfff0401c                TKUSB_Init
                0xfff04089                TKUSB_IsConnected
 P              0xfff04098      0x338 ./gr_common/lib/libtkdnhal.a(usb_core.o)
                0xfff04356                USBCORE_Init
 P              0xfff043d0      0xf90 ./gr_common/lib/libtkdnhal.a(usb_hal.o)
                0xfff044a1                TKUSB_RecvByte
                0xfff04500                TKUSB_PeekByte
                0xfff04526                TKUSB_RecvDataCount
                0xfff04540                TKUSB_SendByte
                0xfff045b5                TKUSB_SendDataCount
                0xfff045cf                USBHAL_Init
                0xfff04835                USBHAL_Disable
                0xfff04845                USBHAL_Control_Status
                0xfff04871                USBHAL_Control_IN
                0xfff04896                USBHAL_Control_OUT
                0xfff048e0                USBHAL_Bulk_OUT
                0xfff04918                ClearOUTBusy
                0xfff04923                USBHAL_Bulk_IN
                0xfff04963                USBHAL_Interrupt_IN
                0xfff049a3                USBHAL_Control_Stall
                0xfff049cd                USBHAL_Bulk_IN_Stall
                0xfff049ec                USBHAL_Bulk_OUT_Stall
                0xfff04a0b                USBHAL_Interrupt_IN_Stall
                0xfff04a2a                USBHAL_Bulk_IN_Stall_Clear
                0xfff04a64                USBHAL_Bulk_OUT_Stall_Clear
                0xfff04ac0                USBHAL_Interrupt_IN_Stall_Clear
                0xfff04afa                USBHAL_Bulk_IN_Is_Stalled
                0xfff04b1a                USBHAL_Bulk_OUT_Is_Stalled
                0xfff04b3a                USBHAL_Interrupt_IN_Is_Stalled
                0xfff04b5a                USBHAL_Config_Get
                0xfff04b61                USBHAL_Config_Set
                0xfff04b77                USBHAL_Reset
                0xfff04cf2                USBHAL_Cancel
                0xfff04d40                USBHAL_ResetEndpoints
                0xfff04e12                USBHALInterruptHandler
 P              0xfff05360        0x0 ./gr_common/lib/libtkdnhal.a(usbdescriptors.o)
 P              0xfff05360      0x288 ./gr_common/lib/libtkdnhal.a(tkdn_interrupt.o)
                0xfff05362                attach_interrupt
                0xfff05486                detach_interrupt
                0xfff0549e                Excep_IRQ0
                0xfff054c6                Excep_IRQ1
                0xfff054ef                Excep_IRQ2
                0xfff05518                Excep_IRQ3
                0xfff05541                Excep_IRQ4
                0xfff0556a                Excep_IRQ5
                0xfff05593                Excep_IRQ6
                0xfff055bc                Excep_IRQ7
 P              0xfff055e8      0x9a0 ./gr_common/lib/libtkdnhal.a(tkdn_servo.o)
                0xfff055e8                servo_attach
                0xfff058c0                servo_write_us
                0xfff0599c                servo_write
                0xfff059b9                servo_read
                0xfff059bc                servo_detach
                0xfff05b5f                Excep_TPU6_TGIA6
                0xfff05b90                Excep_TPU6_TGIB6
                0xfff05bc1                Excep_TPU6_TGIC6
                0xfff05bf2                Excep_TPU6_TGID6
                0xfff05c23                Excep_TPU6_TGIE6
                0xfff05c54                Excep_TPU6_TGIF6
                0xfff05c85                Excep_TPU7_TGIA7
                0xfff05cb6                Excep_TPU7_TGIB7
                0xfff05ce8                Excep_TPU8_TGIA8
                0xfff05d19                Excep_TPU8_TGIB8
                0xfff05d4a                Excep_TPU9_TGIA9
                0xfff05d7b                Excep_TPU9_TGIB9
                0xfff05dac                Excep_TPU9_TGIC9
                0xfff05ddd                Excep_TPU9_TGID9
                0xfff05e0e                Excep_TPU10_TGIA10
                0xfff05e40                Excep_TPU10_TGIB10
                0xfff05e71                Excep_TPU10_TGIC10
                0xfff05ea2                Excep_MTU5_TGIU5
                0xfff05ed3                Excep_MTU5_TGIV5
                0xfff05f04                Excep_MTU5_TGIW5
                0xfff05f35                Excep_TPU10_TGID10
 P              0xfff05f88       0x38 ./gr_common/lib/libtkdnhal.a(reboot.o)
                0xfff05f88                system_reboot
                0xfff05fc0                etext = .

.rvectors       0xfff05fc0      0x400
                0xfff05fc0                _rvectors_start = .
 *(.rvectors)
 .rvectors      0xfff05fc0      0x400 ./gr_common/intvect.o
                0xfff05fc0                Relocatable_Vectors
                0xfff063c0                _rvectors_end = .

.init           0xfff063c0        0x0
 *(.init)
                0xfff063c0                __preinit_array_start = .
 *(.preinit_array)
                0xfff063c0                __preinit_array_end = .
                0xfff063c0                __init_array_start = ((. + 0x3) & 0xfffffffc)
 *(.init_array)
 *(SORT(.init_array.*))
                0xfff063c0                __init_array_end = .
                0xfff063c0                __fini_array_start = .
 *(.fini_array)
 *(SORT(.fini_array.*))
                0xfff063c0                __fini_array_end = .

.fini
 *(.fini)

.got
 *(.got)
 *(.got.plt)

.rodata         0xfff063c0      0x348
 *(.rodata)
 *(.rodata.*)
 .rodata._global_impure_ptr
                0xfff063c0        0x4 ./gr_common/lib/libc.a(lib_a-impure.o)
                0xfff063c0                _global_impure_ptr
 .rodata.str1.1
                0xfff063c4        0x2 ./gr_common/lib/libc.a(lib_a-impure.o)
 .rodata.str1.1
                0xfff063c6        0x5 ./gr_common/lib/libtkdnhal.a(tkdn_ether.o)
 *fill*         0xfff063cb        0x1 00
 .rodata.cst4   0xfff063cc        0x4 ./gr_common/lib/libtkdnhal.a(tkdn_ether.o)
 *(C_1)
 *(C_2)
 *(C)
 C              0xfff063d0       0x14 ./gr_sketch.o
 C              0xfff063e4       0x84 ./gr_common/lib/libtkdnhal.a(tkdn_gpio.o)
                0xfff063e4                SFP_PINMAP
                0xfff063f8                GPIO_PINMAP
 C              0xfff06468       0x78 ./gr_common/lib/libtkdnhal.a(tkdn_pwm.o)
 C              0xfff064e0       0x20 ./gr_common/lib/libtkdnhal.a(tkdn_adc.o)
 C              0xfff06500        0x8 ./gr_common/lib/libtkdnhal.a(usb_cdc.o)
 C              0xfff06508       0x2c ./gr_common/lib/libtkdnhal.a(usb_core.o)
                0xfff06530                gStringDescriptorLanguageIDsData
 C              0xfff06534       0xc4 ./gr_common/lib/libtkdnhal.a(usbdescriptors.o)
                0xfff06534                gStringDescriptorSerialNum
                0xfff0653c                gStringDescriptorProduct
                0xfff06544                gStringDescriptorManufacturer
                0xfff0654c                gConfigurationDescriptor
                0xfff06554                gDeviceDescriptor
 C              0xfff065f8       0x20 ./gr_common/lib/libtkdnhal.a(tkdn_interrupt.o)
 C              0xfff06618       0xf0 ./gr_common/lib/libtkdnhal.a(tkdn_servo.o)
                0xfff06708                _erodata = .

.fvectors       0xfff06708       0x30
 *.o(.fvectors)
 .fvectors      0xfff06708       0x30 ./gr_common/intvect.o
                0xfff06708                Fixed_Vectors

.eh_frame_hdr
 *(.eh_frame_hdr)

.eh_frame
 *(.eh_frame)

.jcr
 *(.jcr)

.tors           0xfff06738        0x0
                0xfff06738                __CTOR_LIST__ = .
                0xfff06738                ___ctors = .
 *(.ctors)
                0xfff06738                ___ctors_end = .
                0xfff06738                __CTOR_END__ = .
                0xfff06738                __DTOR_LIST__ = .
                0xfff06738                ___dtors = .
 *(.dtors)
                0xfff06738                ___dtors_end = .
                0xfff06738                __DTOR_END__ = .
                0xfff06738                _mdata = .

.istack         0x00020000        0x0
                0x00020000                _istack = .

.ustack         0x0001ff00        0x0
                0x0001ff00                _ustack = .

.data           0x00001000      0x508 load address 0xfff06738
                0x00001000                _data = .
 *(.data)
 .data          0x00001000        0x4 ./gr_common/gstart.o
                0x00001000                __dso_handle
 *(.data.*)
 .data._impure_ptr
                0x00001004        0x4 ./gr_common/lib/libc.a(lib_a-impure.o)
                0x00001004                _impure_ptr
 .data.impure_data
                0x00001008      0x424 ./gr_common/lib/libc.a(lib_a-impure.o)
 *(D)
 D              0x0000142c        0x4 ./gr_common/lowlevel.o
 D              0x00001430       0x6c ./gr_common/lib/libtkdnhal.a(tkdn_ether.o)
                0x00001430                le0
 D              0x0000149c        0x4 ./gr_common/lib/libtkdnhal.a(tkdn_pwm.o)
 D              0x000014a0        0xc ./gr_common/lib/libtkdnhal.a(tkdn_tone.o)
 D              0x000014ac       0x30 ./gr_common/lib/libtkdnhal.a(usb_core.o)
 D              0x000014dc       0x24 ./gr_common/lib/libtkdnhal.a(usb_hal.o)
 D              0x00001500        0x8 ./gr_common/lib/libtkdnhal.a(tkdn_interrupt.o)
                0x00001500                USBI1_handler
                0x00001504                USBI0_handler
 *(D_1)
 D_1            0x00001508        0x0 ./gr_common/gstart.o
 D_1            0x00001508        0x0 ./gr_sketch.o
 D_1            0x00001508        0x0 ./gr_common/intvect.o
 D_1            0x00001508        0x0 ./gr_common/lowlevel.o
 D_1            0x00001508        0x0 ./gr_common/lib/libc.a(lib_a-errno.o)
 D_1            0x00001508        0x0 ./gr_common/lib/libc.a(lib_a-impure.o)
 D_1            0x00001508        0x0 ./gr_common/lib/librxduino.a(analogio.o)
 D_1            0x00001508        0x0 ./gr_common/lib/librxduino.a(interrupt.o)
 D_1            0x00001508        0x0 ./gr_common/lib/librxduino.a(digitalio.o)
 D_1            0x00001508        0x0 ./gr_common/lib/librxduino.a(rxduino.o)
 D_1            0x00001508        0x0 ./gr_common/lib/librxduino.a(delay.o)
 D_1            0x00001508        0x0 ./gr_common/lib/libtkdnhal.a(hwsetup.o)
 D_1            0x00001508        0x0 ./gr_common/lib/libtkdnhal.a(tkdn_sci.o)
 D_1            0x00001508        0x0 ./gr_common/lib/libtkdnhal.a(tkdn_ether.o)
 D_1            0x00001508        0x0 ./gr_common/lib/libtkdnhal.a(tkdn_timer.o)
 D_1            0x00001508        0x0 ./gr_common/lib/libtkdnhal.a(tkdn_gpio.o)
 D_1            0x00001508        0x0 ./gr_common/lib/libtkdnhal.a(tkdn_pwm.o)
 D_1            0x00001508        0x0 ./gr_common/lib/libtkdnhal.a(tkdn_tone.o)
 D_1            0x00001508        0x0 ./gr_common/lib/libtkdnhal.a(tkdn_adc.o)
 D_1            0x00001508        0x0 ./gr_common/lib/libtkdnhal.a(tkdn_dac.o)
 D_1            0x00001508        0x0 ./gr_common/lib/libtkdnhal.a(phy.o)
 D_1            0x00001508        0x0 ./gr_common/lib/libtkdnhal.a(eidi.o)
 D_1            0x00001508        0x0 ./gr_common/lib/libtkdnhal.a(usb_cdc.o)
 D_1            0x00001508        0x0 ./gr_common/lib/libtkdnhal.a(usb_core.o)
 D_1            0x00001508        0x0 ./gr_common/lib/libtkdnhal.a(usb_hal.o)
 D_1            0x00001508        0x0 ./gr_common/lib/libtkdnhal.a(usbdescriptors.o)
 D_1            0x00001508        0x0 ./gr_common/lib/libtkdnhal.a(tkdn_interrupt.o)
 D_1            0x00001508        0x0 ./gr_common/lib/libtkdnhal.a(tkdn_servo.o)
 D_1            0x00001508        0x0 ./gr_common/lib/libtkdnhal.a(reboot.o)
 *(D_2)
                0x00001508                _edata = .

.gcc_exc
 *(.gcc_exc)

.bss            0x00001508     0x5c38 load address 0xfff06c40
                0x00001508                _bss = .
 *(.bss)
 *(.bss.*)
 *(COMMON)
 COMMON         0x00001508      0x238 ./gr_common/lib/libtkdnhal.a(tkdn_sci.o)
                0x00001508                sci_default
                0x00001724                sci_handles
                0x0000173c                psci_default
 COMMON         0x00001740        0x4 ./gr_common/lib/libtkdnhal.a(tkdn_ether.o)
                0x00001740                user_rx_func
 COMMON         0x00001744       0x20 ./gr_common/lib/libtkdnhal.a(tkdn_interrupt.o)
                0x00001744                ifunc
 *(B)
 B              0x00001764     0x4324 ./gr_sketch.o
                0x00001764                timerCnt
                0x00001768                ptr
                0x00001769                b
                0x00001869                g
                0x00001969                r
                0x00001a69                p21low
                0x00001a6a                p21high
                0x00001a6b                p2podr
                0x00001a6c                onLED3
                0x00001a70                onLED2
                0x00001a74                onLED1
                0x00001a78                onLED0
                0x00001a7c                vPuls_mark
                0x00001a7e                vPuls_prv2
                0x00001a80                vPuls_prv1
                0x00001a82                vPuls_curr
                0x00001a84                cnt
                0x00005a84                loopCnt
 B              0x00005a88        0x8 ./gr_common/lib/libtkdnhal.a(tkdn_timer.o)
                0x00005a88                ms_updated
                0x00005a8c                tim_1ms
 B              0x00005a90        0x4 ./gr_common/lib/libtkdnhal.a(tkdn_pwm.o)
                0x00005a90                pwmpincount
 *(B_1)
 B_1            0x00005a94        0x0 ./gr_common/gstart.o
 B_1            0x00005a94        0x0 ./gr_sketch.o
 B_1            0x00005a94        0x0 ./gr_common/intvect.o
 B_1            0x00005a94        0x0 ./gr_common/lowlevel.o
 B_1            0x00005a94        0x0 ./gr_common/lib/libc.a(lib_a-errno.o)
 B_1            0x00005a94        0x0 ./gr_common/lib/libc.a(lib_a-impure.o)
 B_1            0x00005a94        0x4 ./gr_common/lib/librxduino.a(analogio.o)
 B_1            0x00005a98        0x0 ./gr_common/lib/librxduino.a(interrupt.o)
 B_1            0x00005a98        0x0 ./gr_common/lib/librxduino.a(digitalio.o)
 B_1            0x00005a98        0x4 ./gr_common/lib/librxduino.a(rxduino.o)
 B_1            0x00005a9c        0x0 ./gr_common/lib/librxduino.a(delay.o)
 B_1            0x00005a9c        0x0 ./gr_common/lib/libtkdnhal.a(hwsetup.o)
 B_1            0x00005a9c        0x0 ./gr_common/lib/libtkdnhal.a(tkdn_sci.o)
 B_1            0x00005a9c        0x2 ./gr_common/lib/libtkdnhal.a(tkdn_ether.o)
 *fill*         0x00005a9e        0x2 00
 B_1            0x00005aa0        0xc ./gr_common/lib/libtkdnhal.a(tkdn_timer.o)
 B_1            0x00005aac        0x0 ./gr_common/lib/libtkdnhal.a(tkdn_gpio.o)
 B_1            0x00005aac       0x70 ./gr_common/lib/libtkdnhal.a(tkdn_pwm.o)
 B_1            0x00005b1c        0xc ./gr_common/lib/libtkdnhal.a(tkdn_tone.o)
 B_1            0x00005b28        0x1 ./gr_common/lib/libtkdnhal.a(tkdn_adc.o)
 B_1            0x00005b29        0x1 ./gr_common/lib/libtkdnhal.a(tkdn_dac.o)
 B_1            0x00005b2a        0x0 ./gr_common/lib/libtkdnhal.a(phy.o)
 B_1            0x00005b2a        0x0 ./gr_common/lib/libtkdnhal.a(eidi.o)
 *fill*         0x00005b2a        0x2 00
 B_1            0x00005b2c       0x10 ./gr_common/lib/libtkdnhal.a(usb_cdc.o)
 B_1            0x00005b3c       0x14 ./gr_common/lib/libtkdnhal.a(usb_core.o)
 B_1            0x00005b50      0x44c ./gr_common/lib/libtkdnhal.a(usb_hal.o)
 B_1            0x00005f9c        0x0 ./gr_common/lib/libtkdnhal.a(usbdescriptors.o)
 B_1            0x00005f9c        0x0 ./gr_common/lib/libtkdnhal.a(tkdn_interrupt.o)
 B_1            0x00005f9c       0xa4 ./gr_common/lib/libtkdnhal.a(tkdn_servo.o)
 B_1            0x00006040        0x0 ./gr_common/lib/libtkdnhal.a(reboot.o)
 *(B_2)
                0x00006040                . = ALIGN (0x20)
 *(.etherdesc)
 .etherdesc     0x00006040     0x1100 ./gr_common/lib/libtkdnhal.a(tkdn_ether.o)
                0x00007140                _ebss = .
                0x00007140                _end = .
OUTPUT(./gr_build/sketch.x elf32-rx-le)

.debug_frame    0x00000000      0xa14
 .debug_frame   0x00000000       0xdc ./gr_sketch.o
 .debug_frame   0x000000dc      0x880 ./gr_common/intvect.o
 .debug_frame   0x0000095c       0xb8 ./gr_common/lowlevel.o

.debug_info     0x00000000     0x2678
 .debug_info    0x00000000     0x144a ./gr_sketch.o
 .debug_info    0x0000144a      0xc97 ./gr_common/intvect.o
 .debug_info    0x000020e1      0x597 ./gr_common/lowlevel.o

.debug_abbrev   0x00000000      0x584
 .debug_abbrev  0x00000000      0x2d5 ./gr_sketch.o
 .debug_abbrev  0x000002d5      0x11e ./gr_common/intvect.o
 .debug_abbrev  0x000003f3      0x191 ./gr_common/lowlevel.o

.debug_loc      0x00000000      0x6be
 .debug_loc     0x00000000      0x18b ./gr_sketch.o
 .debug_loc     0x0000018b      0x138 ./gr_common/intvect.o
 .debug_loc     0x000002c3      0x3fb ./gr_common/lowlevel.o

.debug_aranges  0x00000000       0x60
 .debug_aranges
                0x00000000       0x20 ./gr_sketch.o
 .debug_aranges
                0x00000020       0x20 ./gr_common/intvect.o
 .debug_aranges
                0x00000040       0x20 ./gr_common/lowlevel.o

.debug_ranges   0x00000000       0xe8
 .debug_ranges  0x00000000       0xd0 ./gr_sketch.o
 .debug_ranges  0x000000d0       0x18 ./gr_common/lowlevel.o

.debug_line     0x00000000      0x743
 .debug_line    0x00000000      0x3b2 ./gr_sketch.o
 .debug_line    0x000003b2      0x19a ./gr_common/intvect.o
 .debug_line    0x0000054c      0x1f7 ./gr_common/lowlevel.o

.debug_str      0x00000000      0xcf8
 .debug_str     0x00000000      0x2a0 ./gr_sketch.o
                                0x2e6 (size before relaxing)
 .debug_str     0x000002a0      0x902 ./gr_common/intvect.o
                                0x959 (size before relaxing)
 .debug_str     0x00000ba2      0x156 ./gr_common/lowlevel.o
                                0x278 (size before relaxing)

.comment        0x00000000       0x49
 .comment       0x00000000       0x1c ./gr_sketch.o
                                 0x1d (size before relaxing)
 .comment       0x00000000       0x1d ./gr_common/intvect.o
 .comment       0x00000000       0x1d ./gr_common/lowlevel.o
 .comment       0x0000001c       0x1c ./gr_common/lib/libc.a(lib_a-errno.o)
                                 0x1d (size before relaxing)
 .comment       0x00000000       0x1d ./gr_common/lib/libc.a(lib_a-impure.o)
 .comment       0x00000038       0x11 ./gr_common/lib/librxduino.a(analogio.o)
                                 0x12 (size before relaxing)
 .comment       0x00000000       0x12 ./gr_common/lib/librxduino.a(interrupt.o)
 .comment       0x00000000       0x12 ./gr_common/lib/librxduino.a(digitalio.o)
 .comment       0x00000000       0x12 ./gr_common/lib/librxduino.a(rxduino.o)
 .comment       0x00000000       0x12 ./gr_common/lib/librxduino.a(delay.o)
 .comment       0x00000000       0x12 ./gr_common/lib/libtkdnhal.a(hwsetup.o)
 .comment       0x00000000       0x12 ./gr_common/lib/libtkdnhal.a(tkdn_sci.o)
 .comment       0x00000000       0x12 ./gr_common/lib/libtkdnhal.a(tkdn_ether.o)
 .comment       0x00000000       0x12 ./gr_common/lib/libtkdnhal.a(tkdn_timer.o)
 .comment       0x00000000       0x12 ./gr_common/lib/libtkdnhal.a(tkdn_gpio.o)
 .comment       0x00000000       0x12 ./gr_common/lib/libtkdnhal.a(tkdn_pwm.o)
 .comment       0x00000000       0x12 ./gr_common/lib/libtkdnhal.a(tkdn_tone.o)
 .comment       0x00000000       0x12 ./gr_common/lib/libtkdnhal.a(tkdn_adc.o)
 .comment       0x00000000       0x12 ./gr_common/lib/libtkdnhal.a(tkdn_dac.o)
 .comment       0x00000000       0x12 ./gr_common/lib/libtkdnhal.a(phy.o)
 .comment       0x00000000       0x12 ./gr_common/lib/libtkdnhal.a(usb_cdc.o)
 .comment       0x00000000       0x12 ./gr_common/lib/libtkdnhal.a(usb_core.o)
 .comment       0x00000000       0x12 ./gr_common/lib/libtkdnhal.a(usb_hal.o)
 .comment       0x00000000       0x12 ./gr_common/lib/libtkdnhal.a(usbdescriptors.o)
 .comment       0x00000000       0x12 ./gr_common/lib/libtkdnhal.a(tkdn_interrupt.o)
 .comment       0x00000000       0x12 ./gr_common/lib/libtkdnhal.a(tkdn_servo.o)
 .comment       0x00000000       0x12 ./gr_common/lib/libtkdnhal.a(reboot.o)
